 Image deploy-runtime Building 
 Image deploy-app Building 
#1 [internal] load local bake definitions
#1 reading from stdin 1.05kB 0.0s done
#1 DONE 0.0s

#2 [internal] load build definition from Dockerfile
#2 transferring dockerfile: 691B 0.0s done
#2 DONE 0.0s

#3 resolve image config for docker-image://docker.io/docker/dockerfile:1
#3 DONE 0.5s

#4 docker-image://docker.io/docker/dockerfile:1@sha256:87999aa3d42bdc6bea60565083ee17e86d1f3339802f543c0d03998580f9cb89
#4 resolve docker.io/docker/dockerfile:1@sha256:87999aa3d42bdc6bea60565083ee17e86d1f3339802f543c0d03998580f9cb89 0.2s done
#4 DONE 0.2s

#4 docker-image://docker.io/docker/dockerfile:1@sha256:87999aa3d42bdc6bea60565083ee17e86d1f3339802f543c0d03998580f9cb89
#4 CACHED

#5 [internal] load metadata for docker.io/oven/bun:1
#5 DONE 0.6s

#6 [internal] load metadata for docker.io/library/node:22-alpine
#6 DONE 0.6s

#7 [internal] load .dockerignore
#7 transferring context: 195B 0.0s done
#7 DONE 0.0s

#8 [internal] load build context
#8 DONE 0.0s

#9 [stage-1 1/3] FROM docker.io/library/node:22-alpine@sha256:c610fcdfb1d5b4740dd70c284ed3cb16bb857e0f7166196e36a5501df7a3aa32
#9 resolve docker.io/library/node:22-alpine@sha256:c610fcdfb1d5b4740dd70c284ed3cb16bb857e0f7166196e36a5501df7a3aa32
#9 resolve docker.io/library/node:22-alpine@sha256:c610fcdfb1d5b4740dd70c284ed3cb16bb857e0f7166196e36a5501df7a3aa32 0.2s done
#9 DONE 0.2s

#10 [builder 1/6] FROM docker.io/oven/bun:1@sha256:e10577f0db68676a7024391c6e5cb4b879ebd17188ab750cf10024a6d700e5c4
#10 resolve docker.io/oven/bun:1@sha256:e10577f0db68676a7024391c6e5cb4b879ebd17188ab750cf10024a6d700e5c4
#10 resolve docker.io/oven/bun:1@sha256:e10577f0db68676a7024391c6e5cb4b879ebd17188ab750cf10024a6d700e5c4 0.2s done
#10 DONE 0.2s

#8 [internal] load build context
#8 transferring context: 18.08kB 0.2s done
#8 DONE 0.2s

#11 [builder 3/6] COPY package.json bun.lock* package-lock.json* ./
#11 CACHED

#12 [builder 4/6] RUN bun install --frozen-lockfile || bun install
#12 CACHED

#13 [builder 2/6] WORKDIR /app
#13 CACHED

#14 [builder 5/6] COPY . .
#14 CACHED

#15 [builder 6/6] RUN bun run build
#15 1.195 $ vite build
#15 6.501 The plugin "vite-tsconfig-paths" is detected. Vite now supports tsconfig paths resolution natively via the resolve.tsconfigPaths option. You can remove the plugin and set resolve.tsconfigPaths: true in your Vite config instead.
#15 8.265 vite v8.2.0 building client environment for production...
#15 8.399 [2Ktransforming...[plugin tanstack-start-core::server-fn:client] /app/src/lib/auth.functions.ts:25:34 createServerFn().inputValidator() is deprecated. Use createServerFn().validator() instead.
#15 11.84 [plugin tanstack-start-core::server-fn:client] /app/src/lib/infra-health.functions.ts:15:36 createServerFn().inputValidator() is deprecated. Use createServerFn().validator() instead.
#15 11.85 [plugin tanstack-start-core::server-fn:client] /app/src/lib/templates.functions.ts:7:30 createServerFn().inputValidator() is deprecated. Use createServerFn().validator() instead.
#15 11.86 [plugin tanstack-start-core::server-fn:client] /app/src/lib/connectors.functions.ts:21:43 createServerFn().inputValidator() is deprecated. Use createServerFn().validator() instead.
#15 11.86 [plugin tanstack-start-core::server-fn:client] /app/src/lib/connectors.functions.ts:48:37 createServerFn().inputValidator() is deprecated. Use createServerFn().validator() instead.
#15 11.86 [plugin tanstack-start-core::server-fn:client] /app/src/lib/connectors.functions.ts:74:30 createServerFn().inputValidator() is deprecated. Use createServerFn().validator() instead.
#15 11.87 [plugin tanstack-start-core::server-fn:client] /app/src/lib/agent-jobs.functions.ts:40:32 createServerFn().inputValidator() is deprecated. Use createServerFn().validator() instead.
#15 11.87 [plugin tanstack-start-core::server-fn:client] /app/src/lib/agent-jobs.functions.ts:66:32 createServerFn().inputValidator() is deprecated. Use createServerFn().validator() instead.
#15 11.87 [plugin tanstack-start-core::server-fn:client] /app/src/lib/agent-jobs.functions.ts:113:31 createServerFn().inputValidator() is deprecated. Use createServerFn().validator() instead.
#15 11.87 [plugin tanstack-start-core::server-fn:client] /app/src/lib/agent-jobs.functions.ts:222:30 createServerFn().inputValidator() is deprecated. Use createServerFn().validator() instead.
#15 11.88 [plugin tanstack-start-core::server-fn:client] /app/src/lib/monitor.functions.ts:165:28 createServerFn().inputValidator() is deprecated. Use createServerFn().validator() instead.
#15 11.88 [plugin tanstack-start-core::server-fn:client] /app/src/lib/usage.functions.ts:6:25 createServerFn().inputValidator() is deprecated. Use createServerFn().validator() instead.
#15 12.60 [plugin tanstack-start-core::server-fn:client] /app/src/lib/platform.functions.ts:39:34 createServerFn().inputValidator() is deprecated. Use createServerFn().validator() instead.
#15 12.60 [plugin tanstack-start-core::server-fn:client] /app/src/lib/platform.functions.ts:52:33 createServerFn().inputValidator() is deprecated. Use createServerFn().validator() instead.
#15 12.60 [plugin tanstack-start-core::server-fn:client] /app/src/lib/platform.functions.ts:65:38 createServerFn().inputValidator() is deprecated. Use createServerFn().validator() instead.
#15 12.60 [plugin tanstack-start-core::server-fn:client] /app/src/lib/platform.functions.ts:118:38 createServerFn().inputValidator() is deprecated. Use createServerFn().validator() instead.
#15 12.60 [plugin tanstack-start-core::server-fn:client] /app/src/lib/platform.functions.ts:174:37 createServerFn().inputValidator() is deprecated. Use createServerFn().validator() instead.
#15 12.60 [plugin tanstack-start-core::server-fn:client] /app/src/lib/platform.functions.ts:190:37 createServerFn().inputValidator() is deprecated. Use createServerFn().validator() instead.
#15 12.60 [plugin tanstack-start-core::server-fn:client] /app/src/lib/platform.functions.ts:217:31 createServerFn().inputValidator() is deprecated. Use createServerFn().validator() instead.
#15 12.60 [plugin tanstack-start-core::server-fn:client] /app/src/lib/platform.functions.ts:275:33 createServerFn().inputValidator() is deprecated. Use createServerFn().validator() instead.
#15 12.60 [plugin tanstack-start-core::server-fn:client] /app/src/lib/platform.functions.ts:294:30 createServerFn().inputValidator() is deprecated. Use createServerFn().validator() instead.
#15 12.61 [plugin tanstack-start-core::server-fn:client] /app/src/lib/platform.functions.ts:386:37 createServerFn().inputValidator() is deprecated. Use createServerFn().validator() instead.
#15 12.61 [plugin tanstack-start-core::server-fn:client] /app/src/lib/platform.functions.ts:439:34 createServerFn().inputValidator() is deprecated. Use createServerFn().validator() instead.
#15 12.61 [plugin tanstack-start-core::server-fn:client] /app/src/lib/platform.functions.ts:466:38 createServerFn().inputValidator() is deprecated. Use createServerFn().validator() instead.
#15 12.62 [plugin tanstack-start-core::server-fn:client] /app/src/lib/platform.functions.ts:511:30 createServerFn().inputValidator() is deprecated. Use createServerFn().validator() instead.
#15 13.17 [plugin tanstack-start-core::server-fn:client] /app/src/lib/custom-skills.functions.ts:36:32 createServerFn().inputValidator() is deprecated. Use createServerFn().validator() instead.
#15 13.17 [plugin tanstack-start-core::server-fn:client] /app/src/lib/custom-skills.functions.ts:77:34 createServerFn().inputValidator() is deprecated. Use createServerFn().validator() instead.
#15 13.17 [plugin tanstack-start-core::server-fn:client] /app/src/lib/executors.functions.ts:38:31 createServerFn().inputValidator() is deprecated. Use createServerFn().validator() instead.
#15 13.17 [plugin tanstack-start-core::server-fn:client] /app/src/lib/executors.functions.ts:65:36 createServerFn().inputValidator() is deprecated. Use createServerFn().validator() instead.
#15 13.17 [plugin tanstack-start-core::server-fn:client] /app/src/lib/executors.functions.ts:80:31 createServerFn().inputValidator() is deprecated. Use createServerFn().validator() instead.
#15 13.20 [plugin tanstack-start-core::server-fn:client] /app/src/lib/schedules.functions.ts:19:31 createServerFn().inputValidator() is deprecated. Use createServerFn().validator() instead.
#15 13.20 [plugin tanstack-start-core::server-fn:client] /app/src/lib/schedules.functions.ts:48:31 createServerFn().inputValidator() is deprecated. Use createServerFn().validator() instead.
#15 13.20 [plugin tanstack-start-core::server-fn:client] /app/src/lib/schedules.functions.ts:62:31 createServerFn().inputValidator() is deprecated. Use createServerFn().validator() instead.
#15 13.20 [plugin tanstack-start-core::server-fn:client] /app/src/lib/schedules.functions.ts:72:31 createServerFn().inputValidator() is deprecated. Use createServerFn().validator() instead.
#15 14.83 [plugin tanstack-start-core::server-fn:client] /app/src/lib/projects.functions.ts:40:30 createServerFn().inputValidator() is deprecated. Use createServerFn().validator() instead.
#15 14.83 [plugin tanstack-start-core::server-fn:client] /app/src/lib/projects.functions.ts:70:30 createServerFn().inputValidator() is deprecated. Use createServerFn().validator() instead.
#15 14.83 [plugin tanstack-start-core::server-fn:client] /app/src/lib/projects.functions.ts:85:30 createServerFn().inputValidator() is deprecated. Use createServerFn().validator() instead.
#15 14.83 [plugin tanstack-start-core::server-fn:client] /app/src/lib/projects.functions.ts:120:32 createServerFn().inputValidator() is deprecated. Use createServerFn().validator() instead.
#15 14.83 [plugin tanstack-start-core::server-fn:client] /app/src/lib/projects.functions.ts:183:33 createServerFn().inputValidator() is deprecated. Use createServerFn().validator() instead.
#15 14.84 [plugin tanstack-start-core::server-fn:client] /app/src/lib/projects.functions.ts:220:25 createServerFn().inputValidator() is deprecated. Use createServerFn().validator() instead.
#15 14.84 [plugin tanstack-start-core::server-fn:client] /app/src/lib/projects.functions.ts:263:30 createServerFn().inputValidator() is deprecated. Use createServerFn().validator() instead.
#15 14.84 [plugin tanstack-start-core::server-fn:client] /app/src/lib/projects.functions.ts:298:33 createServerFn().inputValidator() is deprecated. Use createServerFn().validator() instead.
#15 14.85 [plugin tanstack-start-core::server-fn:client] /app/src/lib/projects.functions.ts:320:29 createServerFn().inputValidator() is deprecated. Use createServerFn().validator() instead.
#15 15.10 [plugin tanstack-start-core::server-fn:client] /app/src/lib/project-secrets.functions.ts:11:35 createServerFn().inputValidator() is deprecated. Use createServerFn().validator() instead.
#15 15.10 [plugin tanstack-start-core::server-fn:client] /app/src/lib/project-secrets.functions.ts:29:33 createServerFn().inputValidator() is deprecated. Use createServerFn().validator() instead.
#15 15.10 [plugin tanstack-start-core::server-fn:client] /app/src/lib/project-secrets.functions.ts:58:36 createServerFn().inputValidator() is deprecated. Use createServerFn().validator() instead.
#15 15.10 [plugin tanstack-start-core::server-fn:client] /app/src/lib/delivery.functions.ts:7:34 createServerFn().inputValidator() is deprecated. Use createServerFn().validator() instead.
#15 15.10 [plugin tanstack-start-core::server-fn:client] /app/src/lib/delivery.functions.ts:54:38 createServerFn().inputValidator() is deprecated. Use createServerFn().validator() instead.
#15 15.11 [plugin tanstack-start-core::server-fn:client] /app/src/lib/checkpoints.functions.ts:8:32 createServerFn().inputValidator() is deprecated. Use createServerFn().validator() instead.
#15 15.11 [plugin tanstack-start-core::server-fn:client] /app/src/lib/checkpoints.functions.ts:22:33 createServerFn().inputValidator() is deprecated. Use createServerFn().validator() instead.
#15 15.11 [plugin tanstack-start-core::server-fn:client] /app/src/lib/checkpoints.functions.ts:46:34 createServerFn().inputValidator() is deprecated. Use createServerFn().validator() instead.
#15 15.11 [plugin tanstack-start-core::server-fn:client] /app/src/lib/checkpoints.functions.ts:92:33 createServerFn().inputValidator() is deprecated. Use createServerFn().validator() instead.
#15 15.12 [plugin tanstack-start-core::server-fn:client] /app/src/lib/publish.functions.ts:16:32 createServerFn().inputValidator() is deprecated. Use createServerFn().validator() instead.
#15 15.12 [plugin tanstack-start-core::server-fn:client] /app/src/lib/publish.functions.ts:36:31 createServerFn().inputValidator() is deprecated. Use createServerFn().validator() instead.
#15 15.12 [plugin tanstack-start-core::server-fn:client] /app/src/lib/publish.functions.ts:102:33 createServerFn().inputValidator() is deprecated. Use createServerFn().validator() instead.
#15 15.14 [plugin tanstack-start-core::server-fn:client] /app/src/lib/analytics.functions.ts:6:33 createServerFn().inputValidator() is deprecated. Use createServerFn().validator() instead.
#15 15.16 [plugin tanstack-start-core::server-fn:client] /app/src/lib/files.functions.ts:7:33 createServerFn().inputValidator() is deprecated. Use createServerFn().validator() instead.
#15 15.16 [plugin tanstack-start-core::server-fn:client] /app/src/lib/files.functions.ts:32:35 createServerFn().inputValidator() is deprecated. Use createServerFn().validator() instead.
#15 15.41 [plugin tanstack-start-core::server-fn:client] /app/src/lib/domains.functions.ts:7:31 createServerFn().inputValidator() is deprecated. Use createServerFn().validator() instead.
#15 15.42 [plugin tanstack-start-core::server-fn:client] /app/src/lib/domains.functions.ts:24:35 createServerFn().inputValidator() is deprecated. Use createServerFn().validator() instead.
#15 15.42 [plugin tanstack-start-core::server-fn:client] /app/src/lib/domains.functions.ts:91:36 createServerFn().inputValidator() is deprecated. Use createServerFn().validator() instead.
#15 15.42 [plugin tanstack-start-core::server-fn:client] /app/src/lib/domains.functions.ts:132:35 createServerFn().inputValidator() is deprecated. Use createServerFn().validator() instead.
#15 15.44 [plugin tanstack-start-core::server-fn:client] /app/src/lib/runtime.functions.ts:32:33 createServerFn().inputValidator() is deprecated. Use createServerFn().validator() instead.
#15 15.44 [plugin tanstack-start-core::server-fn:client] /app/src/lib/runtime.functions.ts:43:37 createServerFn().inputValidator() is deprecated. Use createServerFn().validator() instead.
#15 15.44 [plugin tanstack-start-core::server-fn:client] /app/src/lib/runtime.functions.ts:53:34 createServerFn().inputValidator() is deprecated. Use createServerFn().validator() instead.
#15 15.44 [plugin tanstack-start-core::server-fn:client] /app/src/lib/runtime.functions.ts:68:32 createServerFn().inputValidator() is deprecated. Use createServerFn().validator() instead.
#15 15.44 [plugin tanstack-start-core::server-fn:client] /app/src/lib/runtime.functions.ts:78:31 createServerFn().inputValidator() is deprecated. Use createServerFn().validator() instead.
#15 15.44 [plugin tanstack-start-core::server-fn:client] /app/src/lib/runtime.functions.ts:83:31 createServerFn().inputValidator() is deprecated. Use createServerFn().validator() instead.
#15 15.44 [plugin tanstack-start-core::server-fn:client] /app/src/lib/runtime.functions.ts:90:33 createServerFn().inputValidator() is deprecated. Use createServerFn().validator() instead.
#15 15.44 [plugin tanstack-start-core::server-fn:client] /app/src/lib/runtime.functions.ts:95:38 createServerFn().inputValidator() is deprecated. Use createServerFn().validator() instead.
#15 15.44 [plugin tanstack-start-core::server-fn:client] /app/src/lib/runtime.functions.ts:101:39 createServerFn().inputValidator() is deprecated. Use createServerFn().validator() instead.
#15 15.46 [plugin tanstack-start-core::server-fn:client] /app/src/lib/import.functions.ts:17:37 createServerFn().inputValidator() is deprecated. Use createServerFn().validator() instead.
#15 15.61 [plugin tanstack-start-core::server-fn:client] /app/src/lib/browser.functions.ts:16:35 createServerFn().inputValidator() is deprecated. Use createServerFn().validator() instead.
#15 15.61 [plugin tanstack-start-core::server-fn:client] /app/src/lib/browser.functions.ts:33:32 createServerFn().inputValidator() is deprecated. Use createServerFn().validator() instead.
#15 15.61 [plugin tanstack-start-core::server-fn:client] /app/src/lib/browser.functions.ts:41:33 createServerFn().inputValidator() is deprecated. Use createServerFn().validator() instead.
#15 15.61 [plugin tanstack-start-core::server-fn:client] /app/src/lib/browser.functions.ts:70:32 createServerFn().inputValidator() is deprecated. Use createServerFn().validator() instead.
#15 15.61 [plugin tanstack-start-core::server-fn:client] /app/src/lib/browser.functions.ts:75:36 createServerFn().inputValidator() is deprecated. Use createServerFn().validator() instead.
#15 16.29 ✓ 2368 modules transformed.
#15 16.31 ✗ Build failed in 8.00s
#15 16.32 error during build:
#15 16.32 Build failed with 2 errors:
#15 16.32 
#15 16.32 [31m[builtin:vite-transform] [0mInvalid Unicode escape sequence
#15 16.32     [38;5;246m╭[0m[38;5;246m─[0m[38;5;246m[[0m src/components/agent/agent-progress-bar.tsx:42:23 [38;5;246m][0m
#15 16.32     [38;5;246m│[0m
#15 16.32  [38;5;246m42 │[0m [38;5;249m [0m[38;5;249m [0m[38;5;249m [0m[38;5;249m [0m[38;5;249m [0m[38;5;249m [0m[38;5;249m [0m[38;5;249m [0m[38;5;249m [0m[38;5;249m [0m[38;5;249m [0m[38;5;249m [0m[38;5;249m [0m[38;5;249m [0m[38;5;249mr[0m[38;5;249me[0m[38;5;249mt[0m[38;5;249mu[0m[38;5;249mr[0m[38;5;249mn[0m[38;5;249m [0m[38;5;249m\[0m`[38;5;249m\[0m[38;5;249m$[0m[38;5;249m{[0m[38;5;249m([0m[38;5;249mc[0m[38;5;249mu[0m[38;5;249mr[0m[38;5;249mr[0m[38;5;249me[0m[38;5;249mn[0m[38;5;249mt[0m[38;5;249mI[0m[38;5;249mn[0m[38;5;249md[0m[38;5;249me[0m[38;5;249mx[0m[38;5;249m [0m[38;5;249m/[0m[38;5;249m [0m[38;5;249m([0m[38;5;249mp[0m[38;5;249mh[0m[38;5;249ma[0m[38;5;249ms[0m[38;5;249me[0m[38;5;249ms[0m[38;5;249m.[0m[38;5;249ml[0m[38;5;249me[0m[38;5;249mn[0m[38;5;249mg[0m[38;5;249mt[0m[38;5;249mh[0m[38;5;249m [0m[38;5;249m-[0m[38;5;249m [0m[38;5;249m1[0m[38;5;249m)[0m[38;5;249m)[0m[38;5;249m [0m[38;5;249m*[0m[38;5;249m [0m[38;5;249m1[0m[38;5;249m0[0m[38;5;249m0[0m[38;5;249m}[0m[38;5;249m%[0m[38;5;249m\[0m[38;5;249m`[0m[38;5;249m;[0m
#15 16.32  [38;5;240m   │[0m                       ┬  
#15 16.32  [38;5;240m   │[0m                       ╰── 
#15 16.32 [38;5;246m────╯[0m
#15 16.32 
#15 16.32 [31m[builtin:vite-transform] [0mInvalid Unicode escape sequence
#15 16.32     [38;5;246m╭[0m[38;5;246m─[0m[38;5;246m[[0m src/components/agent/agent-progress-bar.tsx:42:25 [38;5;246m][0m
#15 16.32     [38;5;246m│[0m
#15 16.32  [38;5;246m42 │[0m [38;5;249m [0m[38;5;249m [0m[38;5;249m [0m[38;5;249m [0m[38;5;249m [0m[38;5;249m [0m[38;5;249m [0m[38;5;249m [0m[38;5;249m [0m[38;5;249m [0m[38;5;249m [0m[38;5;249m [0m[38;5;249m [0m[38;5;249m [0m[38;5;249mr[0m[38;5;249me[0m[38;5;249mt[0m[38;5;249mu[0m[38;5;249mr[0m[38;5;249mn[0m[38;5;249m [0m[38;5;249m\[0m[38;5;249m`[0m[38;5;249m\[0m$[38;5;249m{[0m[38;5;249m([0m[38;5;249mc[0m[38;5;249mu[0m[38;5;249mr[0m[38;5;249mr[0m[38;5;249me[0m[38;5;249mn[0m[38;5;249mt[0m[38;5;249mI[0m[38;5;249mn[0m[38;5;249md[0m[38;5;249me[0m[38;5;249mx[0m[38;5;249m [0m[38;5;249m/[0m[38;5;249m [0m[38;5;249m([0m[38;5;249mp[0m[38;5;249mh[0m[38;5;249ma[0m[38;5;249ms[0m[38;5;249me[0m[38;5;249ms[0m[38;5;249m.[0m[38;5;249ml[0m[38;5;249me[0m[38;5;249mn[0m[38;5;249mg[0m[38;5;249mt[0m[38;5;249mh[0m[38;5;249m [0m[38;5;249m-[0m[38;5;249m [0m[38;5;249m1[0m[38;5;249m)[0m[38;5;249m)[0m[38;5;249m [0m[38;5;249m*[0m[38;5;249m [0m[38;5;249m1[0m[38;5;249m0[0m[38;5;249m0[0m[38;5;249m}[0m[38;5;249m%[0m[38;5;249m\[0m[38;5;249m`[0m[38;5;249m;[0m
#15 16.32  [38;5;240m   │[0m                         ┬  
#15 16.32  [38;5;240m   │[0m                         ╰── 
#15 16.32 [38;5;246m────╯[0m
#15 16.32 
#15 16.32     at aggregateBindingErrorsIntoJsError (/app/node_modules/rolldown/dist/shared/error-DFGNOCle.mjs:48:22)
#15 16.32     at unwrapBindingResult (/app/node_modules/rolldown/dist/shared/error-DFGNOCle.mjs:18:128)
#15 16.32     at #build (/app/node_modules/rolldown/dist/shared/rolldown-build-CdF8HAHX.mjs:3276:34)
#15 16.32     at processTicksAndRejections (native:7:39) {
#15 16.32   errors: [Getter/Setter]
#15 16.32 }
#15 16.49 error: script "build" exited with code 1
#15 ERROR: process "/bin/sh -c bun run build" did not complete successfully: exit code: 1
------
 > [builder 6/6] RUN bun run build:
16.32  [38;5;240m   │[0m                         ╰── 
16.32 [38;5;246m────╯[0m
16.32 
16.32     at aggregateBindingErrorsIntoJsError (/app/node_modules/rolldown/dist/shared/error-DFGNOCle.mjs:48:22)
16.32     at unwrapBindingResult (/app/node_modules/rolldown/dist/shared/error-DFGNOCle.mjs:18:128)
16.32     at #build (/app/node_modules/rolldown/dist/shared/rolldown-build-CdF8HAHX.mjs:3276:34)
16.32     at processTicksAndRejections (native:7:39) {
16.32   errors: [Getter/Setter]
16.32 }
16.49 error: script "build" exited with code 1
------
Dockerfile:17

--------------------

  15 |     ENV WEAVER_BUILD_TARGET=node

  16 |     ENV NODE_ENV=production

  17 | >>> RUN bun run build

  18 |     

  19 |     # Nitro node-server emits the production server under .output/

--------------------

failed to solve: process "/bin/sh -c bun run build" did not complete successfully: exit code: 1

